[
  {
    "passed": false,
    "ignored": false,
    "resource_id": "github_repository.invalid",
    "resource_namespace": "spec/rules/DEMO_003/inputs/infra.tf",
    "resource_type": "github_repository",
    "severity": "medium",
    "resources": [
      {
        "id": "github_repository.invalid",
        "type": "github_repository",
        "namespace": "spec/rules/DEMO_003/inputs/infra.tf",
        "location": [
          {
            "filepath": "spec/rules/DEMO_003/inputs/infra.tf",
            "line": 29,
            "column": 1
          }
        ],
        "attributes": [
          {
            "path": [
              "name"
            ],
            "location": {
              "filepath": "spec/rules/DEMO_003/inputs/infra.tf",
              "line": 30,
              "column": 3
            }
          },
          {
            "path": [
              "node_id"
            ],
            "location": {
              "filepath": "spec/rules/DEMO_003/inputs/infra.tf",
              "line": 29,
              "column": 1
            }
          }
        ]
      }
    ]
  },
  {
    "passed": false,
    "ignored": false,
    "resource_id": "github_repository.invalid_explicit",
    "resource_namespace": "spec/rules/DEMO_003/inputs/infra.tf",
    "resource_type": "github_repository",
    "severity": "medium",
    "resources": [
      {
        "id": "github_branch_protection.invalid_explicit",
        "type": "github_branch_protection",
        "namespace": "spec/rules/DEMO_003/inputs/infra.tf",
        "location": [
          {
            "filepath": "spec/rules/DEMO_003/inputs/infra.tf",
            "line": 37,
            "column": 1
          }
        ],
        "attributes": [
          {
            "path": [
              "allows_force_pushes"
            ],
            "location": {
              "filepath": "spec/rules/DEMO_003/inputs/infra.tf",
              "line": 40,
              "column": 3
            }
          },
          {
            "path": [
              "repository_id"
            ],
            "location": {
              "filepath": "spec/rules/DEMO_003/inputs/infra.tf",
              "line": 38,
              "column": 3
            }
          }
        ]
      },
      {
        "id": "github_repository.invalid_explicit",
        "type": "github_repository",
        "namespace": "spec/rules/DEMO_003/inputs/infra.tf",
        "location": [
          {
            "filepath": "spec/rules/DEMO_003/inputs/infra.tf",
            "line": 33,
            "column": 1
          }
        ],
        "attributes": [
          {
            "path": [
              "name"
            ],
            "location": {
              "filepath": "spec/rules/DEMO_003/inputs/infra.tf",
              "line": 34,
              "column": 3
            }
          },
          {
            "path": [
              "node_id"
            ],
            "location": {
              "filepath": "spec/rules/DEMO_003/inputs/infra.tf",
              "line": 33,
              "column": 1
            }
          }
        ]
      }
    ]
  },
  {
    "passed": true,
    "ignored": false,
    "resource_id": "github_repository.valid_by_name",
    "resource_namespace": "spec/rules/DEMO_003/inputs/infra.tf",
    "resource_type": "github_repository",
    "severity": "medium",
    "resources": [
      {
        "id": "github_branch_protection.valid_by_name",
        "type": "github_branch_protection",
        "namespace": "spec/rules/DEMO_003/inputs/infra.tf",
        "location": [
          {
            "filepath": "spec/rules/DEMO_003/inputs/infra.tf",
            "line": 14,
            "column": 1
          }
        ],
        "attributes": [
          {
            "path": [
              "allows_force_pushes"
            ],
            "location": {
              "filepath": "spec/rules/DEMO_003/inputs/infra.tf",
              "line": 14,
              "column": 1
            }
          },
          {
            "path": [
              "repository_id"
            ],
            "location": {
              "filepath": "spec/rules/DEMO_003/inputs/infra.tf",
              "line": 15,
              "column": 3
            }
          }
        ]
      },
      {
        "id": "github_repository.valid_by_name",
        "type": "github_repository",
        "namespace": "spec/rules/DEMO_003/inputs/infra.tf",
        "location": [
          {
            "filepath": "spec/rules/DEMO_003/inputs/infra.tf",
            "line": 10,
            "column": 1
          }
        ],
        "attributes": [
          {
            "path": [
              "name"
            ],
            "location": {
              "filepath": "spec/rules/DEMO_003/inputs/infra.tf",
              "line": 11,
              "column": 3
            }
          },
          {
            "path": [
              "node_id"
            ],
            "location": {
              "filepath": "spec/rules/DEMO_003/inputs/infra.tf",
              "line": 10,
              "column": 1
            }
          }
        ]
      }
    ]
  },
  {
    "passed": true,
    "ignored": false,
    "resource_id": "github_repository.valid_by_node_id",
    "resource_namespace": "spec/rules/DEMO_003/inputs/infra.tf",
    "resource_type": "github_repository",
    "severity": "medium",
    "resources": [
      {
        "id": "github_branch_protection.valid_by_node_id",
        "type": "github_branch_protection",
        "namespace": "spec/rules/DEMO_003/inputs/infra.tf",
        "location": [
          {
            "filepath": "spec/rules/DEMO_003/inputs/infra.tf",
            "line": 5,
            "column": 1
          }
        ],
        "attributes": [
          {
            "path": [
              "allows_force_pushes"
            ],
            "location": {
              "filepath": "spec/rules/DEMO_003/inputs/infra.tf",
              "line": 5,
              "column": 1
            }
          },
          {
            "path": [
              "repository_id"
            ],
            "location": {
              "filepath": "spec/rules/DEMO_003/inputs/infra.tf",
              "line": 6,
              "column": 3
            }
          }
        ]
      },
      {
        "id": "github_repository.valid_by_node_id",
        "type": "github_repository",
        "namespace": "spec/rules/DEMO_003/inputs/infra.tf",
        "location": [
          {
            "filepath": "spec/rules/DEMO_003/inputs/infra.tf",
            "line": 1,
            "column": 1
          }
        ],
        "attributes": [
          {
            "path": [
              "name"
            ],
            "location": {
              "filepath": "spec/rules/DEMO_003/inputs/infra.tf",
              "line": 2,
              "column": 3
            }
          },
          {
            "path": [
              "node_id"
            ],
            "location": {
              "filepath": "spec/rules/DEMO_003/inputs/infra.tf",
              "line": 1,
              "column": 1
            }
          }
        ]
      }
    ]
  },
  {
    "passed": true,
    "ignored": false,
    "resource_id": "github_repository.valid_explicit",
    "resource_namespace": "spec/rules/DEMO_003/inputs/infra.tf",
    "resource_type": "github_repository",
    "severity": "medium",
    "resources": [
      {
        "id": "github_branch_protection.valid_explicit",
        "type": "github_branch_protection",
        "namespace": "spec/rules/DEMO_003/inputs/infra.tf",
        "location": [
          {
            "filepath": "spec/rules/DEMO_003/inputs/infra.tf",
            "line": 23,
            "column": 1
          }
        ],
        "attributes": [
          {
            "path": [
              "allows_force_pushes"
            ],
            "location": {
              "filepath": "spec/rules/DEMO_003/inputs/infra.tf",
              "line": 26,
              "column": 3
            }
          },
          {
            "path": [
              "repository_id"
            ],
            "location": {
              "filepath": "spec/rules/DEMO_003/inputs/infra.tf",
              "line": 24,
              "column": 3
            }
          }
        ]
      },
      {
        "id": "github_repository.valid_explicit",
        "type": "github_repository",
        "namespace": "spec/rules/DEMO_003/inputs/infra.tf",
        "location": [
          {
            "filepath": "spec/rules/DEMO_003/inputs/infra.tf",
            "line": 19,
            "column": 1
          }
        ],
        "attributes": [
          {
            "path": [
              "name"
            ],
            "location": {
              "filepath": "spec/rules/DEMO_003/inputs/infra.tf",
              "line": 20,
              "column": 3
            }
          },
          {
            "path": [
              "node_id"
            ],
            "location": {
              "filepath": "spec/rules/DEMO_003/inputs/infra.tf",
              "line": 19,
              "column": 1
            }
          }
        ]
      }
    ]
  }
]