[
  {
    "passed": false,
    "ignored": false,
    "resource_id": "github_repository.invalid",
    "resource_namespace": "spec/rules/DEMO_007/inputs/infra.tf",
    "resource_type": "github_repository",
    "severity": "medium",
    "resources": [
      {
        "id": "github_repository.invalid",
        "type": "github_repository",
        "namespace": "spec/rules/DEMO_007/inputs/infra.tf",
        "location": [
          {
            "filepath": "spec/rules/DEMO_007/inputs/infra.tf",
            "line": 27,
            "column": 1
          }
        ],
        "attributes": [
          {
            "path": [
              "name"
            ],
            "location": {
              "filepath": "spec/rules/DEMO_007/inputs/infra.tf",
              "line": 28,
              "column": 3
            }
          },
          {
            "path": [
              "node_id"
            ],
            "location": {
              "filepath": "spec/rules/DEMO_007/inputs/infra.tf",
              "line": 27,
              "column": 1
            }
          }
        ]
      }
    ]
  },
  {
    "passed": false,
    "ignored": false,
    "resource_id": "github_repository.invalid_explicit",
    "resource_namespace": "spec/rules/DEMO_007/inputs/infra.tf",
    "resource_type": "github_repository",
    "severity": "medium",
    "resources": [
      {
        "id": "github_branch_protection.invalid_explicit",
        "type": "github_branch_protection",
        "namespace": "spec/rules/DEMO_007/inputs/infra.tf",
        "location": [
          {
            "filepath": "spec/rules/DEMO_007/inputs/infra.tf",
            "line": 46,
            "column": 1
          }
        ],
        "attributes": [
          {
            "path": [
              "repository_id"
            ],
            "location": {
              "filepath": "spec/rules/DEMO_007/inputs/infra.tf",
              "line": 47,
              "column": 3
            }
          },
          {
            "path": [
              "required_status_checks",
              0,
              "strict"
            ],
            "location": {
              "filepath": "spec/rules/DEMO_007/inputs/infra.tf",
              "line": 51,
              "column": 5
            }
          }
        ]
      },
      {
        "id": "github_repository.invalid_explicit",
        "type": "github_repository",
        "namespace": "spec/rules/DEMO_007/inputs/infra.tf",
        "location": [
          {
            "filepath": "spec/rules/DEMO_007/inputs/infra.tf",
            "line": 42,
            "column": 1
          }
        ],
        "attributes": [
          {
            "path": [
              "name"
            ],
            "location": {
              "filepath": "spec/rules/DEMO_007/inputs/infra.tf",
              "line": 43,
              "column": 3
            }
          },
          {
            "path": [
              "node_id"
            ],
            "location": {
              "filepath": "spec/rules/DEMO_007/inputs/infra.tf",
              "line": 42,
              "column": 1
            }
          }
        ]
      }
    ]
  },
  {
    "passed": false,
    "ignored": false,
    "resource_id": "github_repository.invalid_implicit",
    "resource_namespace": "spec/rules/DEMO_007/inputs/infra.tf",
    "resource_type": "github_repository",
    "severity": "medium",
    "resources": [
      {
        "id": "github_branch_protection.invalid_implicit",
        "type": "github_branch_protection",
        "namespace": "spec/rules/DEMO_007/inputs/infra.tf",
        "location": [
          {
            "filepath": "spec/rules/DEMO_007/inputs/infra.tf",
            "line": 35,
            "column": 1
          }
        ],
        "attributes": [
          {
            "path": [
              "repository_id"
            ],
            "location": {
              "filepath": "spec/rules/DEMO_007/inputs/infra.tf",
              "line": 36,
              "column": 3
            }
          },
          {
            "path": [
              "required_status_checks"
            ],
            "location": {
              "filepath": "spec/rules/DEMO_007/inputs/infra.tf",
              "line": 39,
              "column": 3
            }
          }
        ]
      },
      {
        "id": "github_repository.invalid_implicit",
        "type": "github_repository",
        "namespace": "spec/rules/DEMO_007/inputs/infra.tf",
        "location": [
          {
            "filepath": "spec/rules/DEMO_007/inputs/infra.tf",
            "line": 31,
            "column": 1
          }
        ],
        "attributes": [
          {
            "path": [
              "name"
            ],
            "location": {
              "filepath": "spec/rules/DEMO_007/inputs/infra.tf",
              "line": 32,
              "column": 3
            }
          },
          {
            "path": [
              "node_id"
            ],
            "location": {
              "filepath": "spec/rules/DEMO_007/inputs/infra.tf",
              "line": 31,
              "column": 1
            }
          }
        ]
      }
    ]
  },
  {
    "passed": true,
    "ignored": false,
    "resource_id": "github_repository.valid_by_name",
    "resource_namespace": "spec/rules/DEMO_007/inputs/infra.tf",
    "resource_type": "github_repository",
    "severity": "medium",
    "resources": [
      {
        "id": "github_branch_protection.valid_by_name",
        "type": "github_branch_protection",
        "namespace": "spec/rules/DEMO_007/inputs/infra.tf",
        "location": [
          {
            "filepath": "spec/rules/DEMO_007/inputs/infra.tf",
            "line": 18,
            "column": 1
          }
        ],
        "attributes": [
          {
            "path": [
              "repository_id"
            ],
            "location": {
              "filepath": "spec/rules/DEMO_007/inputs/infra.tf",
              "line": 19,
              "column": 3
            }
          },
          {
            "path": [
              "required_status_checks",
              0,
              "strict"
            ],
            "location": {
              "filepath": "spec/rules/DEMO_007/inputs/infra.tf",
              "line": 23,
              "column": 5
            }
          }
        ]
      },
      {
        "id": "github_repository.valid_by_name",
        "type": "github_repository",
        "namespace": "spec/rules/DEMO_007/inputs/infra.tf",
        "location": [
          {
            "filepath": "spec/rules/DEMO_007/inputs/infra.tf",
            "line": 14,
            "column": 1
          }
        ],
        "attributes": [
          {
            "path": [
              "name"
            ],
            "location": {
              "filepath": "spec/rules/DEMO_007/inputs/infra.tf",
              "line": 15,
              "column": 3
            }
          },
          {
            "path": [
              "node_id"
            ],
            "location": {
              "filepath": "spec/rules/DEMO_007/inputs/infra.tf",
              "line": 14,
              "column": 1
            }
          }
        ]
      }
    ]
  },
  {
    "passed": true,
    "ignored": false,
    "resource_id": "github_repository.valid_by_node_id",
    "resource_namespace": "spec/rules/DEMO_007/inputs/infra.tf",
    "resource_type": "github_repository",
    "severity": "medium",
    "resources": [
      {
        "id": "github_branch_protection.valid_by_node_id",
        "type": "github_branch_protection",
        "namespace": "spec/rules/DEMO_007/inputs/infra.tf",
        "location": [
          {
            "filepath": "spec/rules/DEMO_007/inputs/infra.tf",
            "line": 5,
            "column": 1
          }
        ],
        "attributes": [
          {
            "path": [
              "repository_id"
            ],
            "location": {
              "filepath": "spec/rules/DEMO_007/inputs/infra.tf",
              "line": 6,
              "column": 3
            }
          },
          {
            "path": [
              "required_status_checks",
              0,
              "strict"
            ],
            "location": {
              "filepath": "spec/rules/DEMO_007/inputs/infra.tf",
              "line": 10,
              "column": 5
            }
          }
        ]
      },
      {
        "id": "github_repository.valid_by_node_id",
        "type": "github_repository",
        "namespace": "spec/rules/DEMO_007/inputs/infra.tf",
        "location": [
          {
            "filepath": "spec/rules/DEMO_007/inputs/infra.tf",
            "line": 1,
            "column": 1
          }
        ],
        "attributes": [
          {
            "path": [
              "name"
            ],
            "location": {
              "filepath": "spec/rules/DEMO_007/inputs/infra.tf",
              "line": 2,
              "column": 3
            }
          },
          {
            "path": [
              "node_id"
            ],
            "location": {
              "filepath": "spec/rules/DEMO_007/inputs/infra.tf",
              "line": 1,
              "column": 1
            }
          }
        ]
      }
    ]
  }
]