[
  {
    "passed": false,
    "ignored": false,
    "resource_id": "github_repository.invalid",
    "resource_namespace": "spec/rules/DEMO_004/inputs/infra.tf",
    "resource_type": "github_repository",
    "severity": "medium",
    "resources": [
      {
        "id": "github_repository.invalid",
        "type": "github_repository",
        "namespace": "spec/rules/DEMO_004/inputs/infra.tf",
        "location": [
          {
            "filepath": "spec/rules/DEMO_004/inputs/infra.tf",
            "line": 23,
            "column": 1
          }
        ],
        "attributes": [
          {
            "path": [
              "name"
            ],
            "location": {
              "filepath": "spec/rules/DEMO_004/inputs/infra.tf",
              "line": 24,
              "column": 3
            }
          },
          {
            "path": [
              "node_id"
            ],
            "location": {
              "filepath": "spec/rules/DEMO_004/inputs/infra.tf",
              "line": 23,
              "column": 1
            }
          }
        ]
      }
    ]
  },
  {
    "passed": false,
    "ignored": false,
    "resource_id": "github_repository.invalid_missing_block",
    "resource_namespace": "spec/rules/DEMO_004/inputs/infra.tf",
    "resource_type": "github_repository",
    "severity": "medium",
    "resources": [
      {
        "id": "github_branch_protection.invalid_missing_block",
        "type": "github_branch_protection",
        "namespace": "spec/rules/DEMO_004/inputs/infra.tf",
        "location": [
          {
            "filepath": "spec/rules/DEMO_004/inputs/infra.tf",
            "line": 31,
            "column": 1
          }
        ],
        "attributes": [
          {
            "path": [
              "repository_id"
            ],
            "location": {
              "filepath": "spec/rules/DEMO_004/inputs/infra.tf",
              "line": 32,
              "column": 3
            }
          },
          {
            "path": [
              "required_status_checks"
            ],
            "location": {
              "filepath": "spec/rules/DEMO_004/inputs/infra.tf",
              "line": 31,
              "column": 1
            }
          }
        ]
      },
      {
        "id": "github_repository.invalid_missing_block",
        "type": "github_repository",
        "namespace": "spec/rules/DEMO_004/inputs/infra.tf",
        "location": [
          {
            "filepath": "spec/rules/DEMO_004/inputs/infra.tf",
            "line": 27,
            "column": 1
          }
        ],
        "attributes": [
          {
            "path": [
              "name"
            ],
            "location": {
              "filepath": "spec/rules/DEMO_004/inputs/infra.tf",
              "line": 28,
              "column": 3
            }
          },
          {
            "path": [
              "node_id"
            ],
            "location": {
              "filepath": "spec/rules/DEMO_004/inputs/infra.tf",
              "line": 27,
              "column": 1
            }
          }
        ]
      }
    ]
  },
  {
    "passed": true,
    "ignored": false,
    "resource_id": "github_repository.valid_by_name",
    "resource_namespace": "spec/rules/DEMO_004/inputs/infra.tf",
    "resource_type": "github_repository",
    "severity": "medium",
    "resources": [
      {
        "id": "github_branch_protection.valid_by_name",
        "type": "github_branch_protection",
        "namespace": "spec/rules/DEMO_004/inputs/infra.tf",
        "location": [
          {
            "filepath": "spec/rules/DEMO_004/inputs/infra.tf",
            "line": 16,
            "column": 1
          }
        ],
        "attributes": [
          {
            "path": [
              "repository_id"
            ],
            "location": {
              "filepath": "spec/rules/DEMO_004/inputs/infra.tf",
              "line": 17,
              "column": 3
            }
          },
          {
            "path": [
              "required_status_checks"
            ],
            "location": {
              "filepath": "spec/rules/DEMO_004/inputs/infra.tf",
              "line": 20,
              "column": 3
            }
          }
        ]
      },
      {
        "id": "github_repository.valid_by_name",
        "type": "github_repository",
        "namespace": "spec/rules/DEMO_004/inputs/infra.tf",
        "location": [
          {
            "filepath": "spec/rules/DEMO_004/inputs/infra.tf",
            "line": 12,
            "column": 1
          }
        ],
        "attributes": [
          {
            "path": [
              "name"
            ],
            "location": {
              "filepath": "spec/rules/DEMO_004/inputs/infra.tf",
              "line": 13,
              "column": 3
            }
          },
          {
            "path": [
              "node_id"
            ],
            "location": {
              "filepath": "spec/rules/DEMO_004/inputs/infra.tf",
              "line": 12,
              "column": 1
            }
          }
        ]
      }
    ]
  },
  {
    "passed": true,
    "ignored": false,
    "resource_id": "github_repository.valid_by_node_id",
    "resource_namespace": "spec/rules/DEMO_004/inputs/infra.tf",
    "resource_type": "github_repository",
    "severity": "medium",
    "resources": [
      {
        "id": "github_branch_protection.valid_by_node_id",
        "type": "github_branch_protection",
        "namespace": "spec/rules/DEMO_004/inputs/infra.tf",
        "location": [
          {
            "filepath": "spec/rules/DEMO_004/inputs/infra.tf",
            "line": 5,
            "column": 1
          }
        ],
        "attributes": [
          {
            "path": [
              "repository_id"
            ],
            "location": {
              "filepath": "spec/rules/DEMO_004/inputs/infra.tf",
              "line": 6,
              "column": 3
            }
          },
          {
            "path": [
              "required_status_checks"
            ],
            "location": {
              "filepath": "spec/rules/DEMO_004/inputs/infra.tf",
              "line": 9,
              "column": 3
            }
          }
        ]
      },
      {
        "id": "github_repository.valid_by_node_id",
        "type": "github_repository",
        "namespace": "spec/rules/DEMO_004/inputs/infra.tf",
        "location": [
          {
            "filepath": "spec/rules/DEMO_004/inputs/infra.tf",
            "line": 1,
            "column": 1
          }
        ],
        "attributes": [
          {
            "path": [
              "name"
            ],
            "location": {
              "filepath": "spec/rules/DEMO_004/inputs/infra.tf",
              "line": 2,
              "column": 3
            }
          },
          {
            "path": [
              "node_id"
            ],
            "location": {
              "filepath": "spec/rules/DEMO_004/inputs/infra.tf",
              "line": 1,
              "column": 1
            }
          }
        ]
      }
    ]
  }
]