[
  {
    "passed": false,
    "ignored": false,
    "resource_id": "github_repository.invalid",
    "resource_namespace": "spec/rules/DEMO_006/inputs/infra.tf",
    "resource_type": "github_repository",
    "severity": "low",
    "resources": [
      {
        "id": "github_repository.invalid",
        "type": "github_repository",
        "namespace": "spec/rules/DEMO_006/inputs/infra.tf",
        "location": [
          {
            "filepath": "spec/rules/DEMO_006/inputs/infra.tf",
            "line": 21,
            "column": 1
          }
        ],
        "attributes": [
          {
            "path": [
              "name"
            ],
            "location": {
              "filepath": "spec/rules/DEMO_006/inputs/infra.tf",
              "line": 22,
              "column": 3
            }
          },
          {
            "path": [
              "node_id"
            ],
            "location": {
              "filepath": "spec/rules/DEMO_006/inputs/infra.tf",
              "line": 21,
              "column": 1
            }
          }
        ]
      }
    ]
  },
  {
    "passed": false,
    "ignored": false,
    "resource_id": "github_repository.invalid_explicit",
    "resource_namespace": "spec/rules/DEMO_006/inputs/infra.tf",
    "resource_type": "github_repository",
    "severity": "low",
    "resources": [
      {
        "id": "github_branch_protection.invalid_explicit",
        "type": "github_branch_protection",
        "namespace": "spec/rules/DEMO_006/inputs/infra.tf",
        "location": [
          {
            "filepath": "spec/rules/DEMO_006/inputs/infra.tf",
            "line": 38,
            "column": 1
          }
        ],
        "attributes": [
          {
            "path": [
              "repository_id"
            ],
            "location": {
              "filepath": "spec/rules/DEMO_006/inputs/infra.tf",
              "line": 39,
              "column": 3
            }
          },
          {
            "path": [
              "require_conversation_resolution"
            ],
            "location": {
              "filepath": "spec/rules/DEMO_006/inputs/infra.tf",
              "line": 41,
              "column": 3
            }
          }
        ]
      },
      {
        "id": "github_repository.invalid_explicit",
        "type": "github_repository",
        "namespace": "spec/rules/DEMO_006/inputs/infra.tf",
        "location": [
          {
            "filepath": "spec/rules/DEMO_006/inputs/infra.tf",
            "line": 34,
            "column": 1
          }
        ],
        "attributes": [
          {
            "path": [
              "name"
            ],
            "location": {
              "filepath": "spec/rules/DEMO_006/inputs/infra.tf",
              "line": 35,
              "column": 3
            }
          },
          {
            "path": [
              "node_id"
            ],
            "location": {
              "filepath": "spec/rules/DEMO_006/inputs/infra.tf",
              "line": 34,
              "column": 1
            }
          }
        ]
      }
    ]
  },
  {
    "passed": false,
    "ignored": false,
    "resource_id": "github_repository.invalid_implicit",
    "resource_namespace": "spec/rules/DEMO_006/inputs/infra.tf",
    "resource_type": "github_repository",
    "severity": "low",
    "resources": [
      {
        "id": "github_branch_protection.invalid_implicit",
        "type": "github_branch_protection",
        "namespace": "spec/rules/DEMO_006/inputs/infra.tf",
        "location": [
          {
            "filepath": "spec/rules/DEMO_006/inputs/infra.tf",
            "line": 29,
            "column": 1
          }
        ],
        "attributes": [
          {
            "path": [
              "repository_id"
            ],
            "location": {
              "filepath": "spec/rules/DEMO_006/inputs/infra.tf",
              "line": 30,
              "column": 3
            }
          },
          {
            "path": [
              "require_conversation_resolution"
            ],
            "location": {
              "filepath": "spec/rules/DEMO_006/inputs/infra.tf",
              "line": 29,
              "column": 1
            }
          }
        ]
      },
      {
        "id": "github_repository.invalid_implicit",
        "type": "github_repository",
        "namespace": "spec/rules/DEMO_006/inputs/infra.tf",
        "location": [
          {
            "filepath": "spec/rules/DEMO_006/inputs/infra.tf",
            "line": 25,
            "column": 1
          }
        ],
        "attributes": [
          {
            "path": [
              "name"
            ],
            "location": {
              "filepath": "spec/rules/DEMO_006/inputs/infra.tf",
              "line": 26,
              "column": 3
            }
          },
          {
            "path": [
              "node_id"
            ],
            "location": {
              "filepath": "spec/rules/DEMO_006/inputs/infra.tf",
              "line": 25,
              "column": 1
            }
          }
        ]
      }
    ]
  },
  {
    "passed": true,
    "ignored": false,
    "resource_id": "github_repository.valid_by_name",
    "resource_namespace": "spec/rules/DEMO_006/inputs/infra.tf",
    "resource_type": "github_repository",
    "severity": "low",
    "resources": [
      {
        "id": "github_branch_protection.valid_by_name",
        "type": "github_branch_protection",
        "namespace": "spec/rules/DEMO_006/inputs/infra.tf",
        "location": [
          {
            "filepath": "spec/rules/DEMO_006/inputs/infra.tf",
            "line": 15,
            "column": 1
          }
        ],
        "attributes": [
          {
            "path": [
              "repository_id"
            ],
            "location": {
              "filepath": "spec/rules/DEMO_006/inputs/infra.tf",
              "line": 16,
              "column": 3
            }
          },
          {
            "path": [
              "require_conversation_resolution"
            ],
            "location": {
              "filepath": "spec/rules/DEMO_006/inputs/infra.tf",
              "line": 18,
              "column": 3
            }
          }
        ]
      },
      {
        "id": "github_repository.valid_by_name",
        "type": "github_repository",
        "namespace": "spec/rules/DEMO_006/inputs/infra.tf",
        "location": [
          {
            "filepath": "spec/rules/DEMO_006/inputs/infra.tf",
            "line": 11,
            "column": 1
          }
        ],
        "attributes": [
          {
            "path": [
              "name"
            ],
            "location": {
              "filepath": "spec/rules/DEMO_006/inputs/infra.tf",
              "line": 12,
              "column": 3
            }
          },
          {
            "path": [
              "node_id"
            ],
            "location": {
              "filepath": "spec/rules/DEMO_006/inputs/infra.tf",
              "line": 11,
              "column": 1
            }
          }
        ]
      }
    ]
  },
  {
    "passed": true,
    "ignored": false,
    "resource_id": "github_repository.valid_by_node_id",
    "resource_namespace": "spec/rules/DEMO_006/inputs/infra.tf",
    "resource_type": "github_repository",
    "severity": "low",
    "resources": [
      {
        "id": "github_branch_protection.valid_by_node_id",
        "type": "github_branch_protection",
        "namespace": "spec/rules/DEMO_006/inputs/infra.tf",
        "location": [
          {
            "filepath": "spec/rules/DEMO_006/inputs/infra.tf",
            "line": 5,
            "column": 1
          }
        ],
        "attributes": [
          {
            "path": [
              "repository_id"
            ],
            "location": {
              "filepath": "spec/rules/DEMO_006/inputs/infra.tf",
              "line": 6,
              "column": 3
            }
          },
          {
            "path": [
              "require_conversation_resolution"
            ],
            "location": {
              "filepath": "spec/rules/DEMO_006/inputs/infra.tf",
              "line": 8,
              "column": 3
            }
          }
        ]
      },
      {
        "id": "github_repository.valid_by_node_id",
        "type": "github_repository",
        "namespace": "spec/rules/DEMO_006/inputs/infra.tf",
        "location": [
          {
            "filepath": "spec/rules/DEMO_006/inputs/infra.tf",
            "line": 1,
            "column": 1
          }
        ],
        "attributes": [
          {
            "path": [
              "name"
            ],
            "location": {
              "filepath": "spec/rules/DEMO_006/inputs/infra.tf",
              "line": 2,
              "column": 3
            }
          },
          {
            "path": [
              "node_id"
            ],
            "location": {
              "filepath": "spec/rules/DEMO_006/inputs/infra.tf",
              "line": 1,
              "column": 1
            }
          }
        ]
      }
    ]
  }
]